2026-06-14T00:12:19.341+05:30  INFO 9168 --- [transaction-service] [main] c.s.t.TransactionServiceApplication      : Starting TransactionServiceApplication using Java 21.0.11 with PID 9168 (D:\IdeaProjects\smartpay-transaction-service\target\classes started by Shekhar in D:\IdeaProjects\smartpay-transaction-service)
2026-06-14T00:12:19.350+05:30 DEBUG 9168 --- [transaction-service] [main] c.s.t.TransactionServiceApplication      : Running with Spring Boot v3.5.15, Spring v6.2.19
2026-06-14T00:12:19.351+05:30  INFO 9168 --- [transaction-service] [main] c.s.t.TransactionServiceApplication      : No active profile set, falling back to 1 default profile: "default"
2026-06-14T00:12:20.636+05:30  INFO 9168 --- [transaction-service] [main] .s.d.r.c.RepositoryConfigurationDelegate : Multiple Spring Data modules found, entering strict repository configuration mode
2026-06-14T00:12:20.636+05:30  INFO 9168 --- [transaction-service] [main] .s.d.r.c.RepositoryConfigurationDelegate : Bootstrapping Spring Data JPA repositories in DEFAULT mode.
2026-06-14T00:12:20.770+05:30  INFO 9168 --- [transaction-service] [main] .s.d.r.c.RepositoryConfigurationDelegate : Finished Spring Data repository scanning in 119 ms. Found 1 JPA repository interface.
2026-06-14T00:12:20.792+05:30  INFO 9168 --- [transaction-service] [main] .s.d.r.c.RepositoryConfigurationDelegate : Multiple Spring Data modules found, entering strict repository configuration mode
2026-06-14T00:12:20.800+05:30  INFO 9168 --- [transaction-service] [main] .s.d.r.c.RepositoryConfigurationDelegate : Bootstrapping Spring Data Redis repositories in DEFAULT mode.
2026-06-14T00:12:20.815+05:30  INFO 9168 --- [transaction-service] [main] .RepositoryConfigurationExtensionSupport : Spring Data Redis - Could not safely identify store assignment for repository candidate interface com.smartpay.transactionservice.repository.TransactionRepository; If you want this repository to be a Redis repository, consider annotating your entities with one of these annotations: org.springframework.data.redis.core.RedisHash (preferred), or consider extending one of the following types with your repository: org.springframework.data.keyvalue.repository.KeyValueRepository
2026-06-14T00:12:20.815+05:30  INFO 9168 --- [transaction-service] [main] .s.d.r.c.RepositoryConfigurationDelegate : Finished Spring Data repository scanning in 7 ms. Found 0 Redis repository interfaces.
2026-06-14T00:12:21.440+05:30  INFO 9168 --- [transaction-service] [main] o.s.b.w.embedded.tomcat.TomcatWebServer  : Tomcat initialized with port 8080 (http)
2026-06-14T00:12:21.464+05:30  INFO 9168 --- [transaction-service] [main] o.apache.catalina.core.StandardService   : Starting service [Tomcat]
2026-06-14T00:12:21.464+05:30  INFO 9168 --- [transaction-service] [main] o.apache.catalina.core.StandardEngine    : Starting Servlet engine: [Apache Tomcat/10.1.55]
2026-06-14T00:12:21.521+05:30  INFO 9168 --- [transaction-service] [main] o.a.c.c.C.[Tomcat].[localhost].[/]       : Initializing Spring embedded WebApplicationContext
2026-06-14T00:12:21.537+05:30  INFO 9168 --- [transaction-service] [main] w.s.c.ServletWebServerApplicationContext : Root WebApplicationContext: initialization completed in 2125 ms
2026-06-14T00:12:21.791+05:30  INFO 9168 --- [transaction-service] [main] o.hibernate.jpa.internal.util.LogHelper  : HHH000204: Processing PersistenceUnitInfo [name: default]
2026-06-14T00:12:21.870+05:30  INFO 9168 --- [transaction-service] [main] org.hibernate.Version                    : HHH000412: Hibernate ORM core version 6.6.53.Final
2026-06-14T00:12:21.905+05:30  INFO 9168 --- [transaction-service] [main] o.h.c.internal.RegionFactoryInitiator    : HHH000026: Second-level cache disabled
2026-06-14T00:12:22.229+05:30  INFO 9168 --- [transaction-service] [main] o.s.o.j.p.SpringPersistenceUnitInfo      : No LoadTimeWeaver setup: ignoring JPA class transformer
2026-06-14T00:12:22.260+05:30  INFO 9168 --- [transaction-service] [main] com.zaxxer.hikari.HikariDataSource       : HikariPool-1 - Starting...
2026-06-14T00:12:22.575+05:30  INFO 9168 --- [transaction-service] [main] com.zaxxer.hikari.pool.HikariPool        : HikariPool-1 - Added connection org.postgresql.jdbc.PgConnection@651cedfb
2026-06-14T00:12:22.586+05:30  INFO 9168 --- [transaction-service] [main] com.zaxxer.hikari.HikariDataSource       : HikariPool-1 - Start completed.
2026-06-14T00:12:22.670+05:30  INFO 9168 --- [transaction-service] [main] org.hibernate.orm.connections.pooling    : HHH10001005: Database info:
	Database JDBC URL [Connecting through datasource 'HikariDataSource (HikariPool-1)']
	Database driver: undefined/unknown
	Database version: 17.10
	Autocommit mode: undefined/unknown
	Isolation level: undefined/unknown
	Minimum pool size: undefined/unknown
	Maximum pool size: undefined/unknown
2026-06-14T00:12:23.549+05:30  INFO 9168 --- [transaction-service] [main] o.h.e.t.j.p.i.JtaPlatformInitiator       : HHH000489: No JTA platform available (set 'hibernate.transaction.jta.platform' to enable JTA platform integration)
2026-06-14T00:12:23.593+05:30  INFO 9168 --- [transaction-service] [main] j.LocalContainerEntityManagerFactoryBean : Initialized JPA EntityManagerFactory for persistence unit 'default'
2026-06-14T00:12:23.938+05:30  WARN 9168 --- [transaction-service] [main] JpaBaseConfiguration$JpaWebConfiguration : spring.jpa.open-in-view is enabled by default. Therefore, database queries may be performed during view rendering. Explicitly configure spring.jpa.open-in-view to disable this warning
2026-06-14T00:12:24.899+05:30  INFO 9168 --- [transaction-service] [main] o.s.b.a.e.web.EndpointLinksResolver      : Exposing 1 endpoint beneath base path '/actuator'
2026-06-14T00:12:24.980+05:30  INFO 9168 --- [transaction-service] [main] o.s.b.w.embedded.tomcat.TomcatWebServer  : Tomcat started on port 8080 (http) with context path '/'
2026-06-14T00:12:24.990+05:30  INFO 9168 --- [transaction-service] [main] c.s.t.TransactionServiceApplication      : Started TransactionServiceApplication in 6.283 seconds (process running for 6.797)
2026-06-14T00:12:33.632+05:30  INFO 9168 --- [transaction-service] [http-nio-8080-exec-3] o.a.c.c.C.[Tomcat].[localhost].[/]       : Initializing Spring DispatcherServlet 'dispatcherServlet'
2026-06-14T00:12:33.632+05:30  INFO 9168 --- [transaction-service] [http-nio-8080-exec-3] o.s.web.servlet.DispatcherServlet        : Initializing Servlet 'dispatcherServlet'
2026-06-14T00:12:33.632+05:30  INFO 9168 --- [transaction-service] [http-nio-8080-exec-3] o.s.web.servlet.DispatcherServlet        : Completed initialization in 0 ms
2026-06-14T00:12:34.037+05:30  INFO 9168 --- [transaction-service] [http-nio-8080-exec-3] c.s.t.service.TransactionServiceImpl     : Received transaction creation request for user user4 amount 8900
2026-06-14T00:12:34.037+05:30  INFO 9168 --- [transaction-service] [http-nio-8080-exec-3] c.s.t.service.TransactionServiceImpl     : Saving transaction into database
2026-06-14T00:12:34.204+05:30  INFO 9168 --- [transaction-service] [http-nio-8080-exec-3] c.s.t.service.TransactionServiceImpl     : Transaction saved successfully with id 56dab3c5-d06f-475e-ab14-696844c351fc
2026-06-14T00:13:08.893+05:30  INFO 9168 --- [transaction-service] [http-nio-8080-exec-4] c.s.t.service.TransactionServiceImpl     : Received transaction creation request for user user5 amount 7800
2026-06-14T00:13:08.893+05:30  INFO 9168 --- [transaction-service] [http-nio-8080-exec-4] c.s.t.service.TransactionServiceImpl     : Saving transaction into database
2026-06-14T00:13:08.904+05:30  INFO 9168 --- [transaction-service] [http-nio-8080-exec-4] c.s.t.service.TransactionServiceImpl     : Transaction saved successfully with id bbd9763e-c31c-43ac-9713-f0655e478a23
2026-06-14T00:14:17.109+05:30  INFO 9168 --- [transaction-service] [http-nio-8080-exec-9] c.s.t.service.TransactionServiceImpl     : fetching transactions page 0 size 3 
2026-06-14T00:14:17.373+05:30  INFO 9168 --- [transaction-service] [http-nio-8080-exec-9] c.s.t.service.TransactionServiceImpl     : Found 3 transactions 
2026-06-14T00:14:29.143+05:30  INFO 9168 --- [transaction-service] [http-nio-8080-exec-7] c.s.t.service.TransactionServiceImpl     : fetching transactions page 0 size 5 
2026-06-14T00:14:29.160+05:30  INFO 9168 --- [transaction-service] [http-nio-8080-exec-7] c.s.t.service.TransactionServiceImpl     : Found 5 transactions 
2026-06-14T00:24:41.332+05:30  INFO 9168 --- [transaction-service] [SpringApplicationShutdownHook] o.s.b.w.e.tomcat.GracefulShutdown        : Commencing graceful shutdown. Waiting for active requests to complete
2026-06-14T00:24:41.350+05:30  INFO 9168 --- [transaction-service] [tomcat-shutdown] o.s.b.w.e.tomcat.GracefulShutdown        : Graceful shutdown complete
2026-06-14T00:24:41.427+05:30  INFO 9168 --- [transaction-service] [SpringApplicationShutdownHook] j.LocalContainerEntityManagerFactoryBean : Closing JPA EntityManagerFactory for persistence unit 'default'
2026-06-14T00:24:41.433+05:30  INFO 9168 --- [transaction-service] [SpringApplicationShutdownHook] com.zaxxer.hikari.HikariDataSource       : HikariPool-1 - Shutdown initiated...
2026-06-14T00:24:41.439+05:30  INFO 9168 --- [transaction-service] [SpringApplicationShutdownHook] com.zaxxer.hikari.HikariDataSource       : HikariPool-1 - Shutdown completed.
